// Vitest Snapshot v1, https://vitest.dev/guide/snapshot.html

exports[`Slider > matches snapshot 1`] = `
<div
  class="_Slider_8e0153"
>
  <label
    for="groupName-parameter"
  >
    Parameter
  </label>
  <input
    id="groupName-parameter"
    max="127"
    min="0"
    step="0.05"
    type="range"
    value="31.5"
  />
  <output
    aria-label="Group Name parameter"
    for="groupName-parameter"
  >
    63
  </output>
</div>
`;
