// Vitest Snapshot v1

exports[`App > matches snapshot 1`] = `
<div
  class="App"
  data-testid="app"
>
  <div
    data-testid="synth"
  />
</div>
`;
